2026-09-02 14:15:14.8660 7.0.0 4231 RootView                       in cgmTransmitterInfoReceived, transmitterBatteryInfo not received
2026-09-02 14:15:14.8710 7.0.0 4231 RootView                       in cgmTransmitterInfoReceived, sensor time in days 1.0
2026-09-02 14:15:14.8720 7.0.0 4231 RootView                       in cgmTransmitterInfoReceived, glucoseData array size = 25 values
2026-09-02 14:15:14.8780 7.0.0 4231 RootView                       in cgmTransmitterInfoReceived, glucoseData 00, value = 145.04, timestamp = 14:14:51 CEST
2026-09-02 14:15:14.8800 7.0.0 4231 RootView                       in cgmTransmitterInfoReceived, glucoseData 01, value = 143.405, timestamp = 14:13:51 CEST
2026-09-02 14:15:14.8810 7.0.0 4231 RootView                       in cgmTransmitterInfoReceived, glucoseData 02, value = 144.217, timestamp = 14:12:51 CEST
2026-09-02 14:15:14.8830 7.0.0 4231 RootView                       in cgmTransmitterInfoReceived, glucoseData 03, value = 144.566, timestamp = 14:11:51 CEST
2026-09-02 14:15:14.8840 7.0.0 4231 RootView                       in cgmTransmitterInfoReceived, glucoseData 04, value = 143.557, timestamp = 14:10:51 CEST
2026-09-02 14:15:14.8850 7.0.0 4231 RootView                       in cgmTransmitterInfoReceived, glucoseData 05, value = 143.112, timestamp = 14:09:51 CEST
2026-09-02 14:15:14.8860 7.0.0 4231 RootView                       in cgmTransmitterInfoReceived, glucoseData 06, value = 142.806, timestamp = 14:08:51 CEST
2026-09-02 14:15:14.8870 7.0.0 4231 RootView                       in cgmTransmitterInfoReceived, glucoseData 07, value = 142.433, timestamp = 14:07:51 CEST
2026-09-02 14:15:14.8880 7.0.0 4231 RootView                       in cgmTransmitterInfoReceived, glucoseData 08, value = 140.89, timestamp = 14:06:51 CEST
2026-09-02 14:15:14.8900 7.0.0 4231 RootView                       in cgmTransmitterInfoReceived, glucoseData 09, value = 140.631, timestamp = 14:05:51 CEST
2026-09-02 14:15:14.8910 7.0.0 4231 RootView                       in cgmTransmitterInfoReceived, glucoseData 10, value = 141.098, timestamp = 14:04:51 CEST
2026-09-02 14:15:14.8920 7.0.0 4231 RootView                       in cgmTransmitterInfoReceived, glucoseData 11, value = 141.023, timestamp = 14:03:51 CEST
2026-09-02 14:15:14.8930 7.0.0 4231 RootView                       in cgmTransmitterInfoReceived, glucoseData 12, value = 141.073, timestamp = 14:02:51 CEST
2026-09-02 14:15:14.8940 7.0.0 4231 RootView                       in cgmTransmitterInfoReceived, glucoseData 13, value = 139.342, timestamp = 14:01:51 CEST
2026-09-02 14:15:14.8950 7.0.0 4231 RootView                       in cgmTransmitterInfoReceived, glucoseData 14, value = 138.996, timestamp = 14:00:51 CEST
2026-09-02 14:15:14.8960 7.0.0 4231 RootView                       in cgmTransmitterInfoReceived, glucoseData 15, value = 138.656, timestamp = 13:59:51 CEST
2026-09-02 14:15:14.8970 7.0.0 4231 RootView                       in cgmTransmitterInfoReceived, glucoseData 16, value = 136.804, timestamp = 13:58:51 CEST
2026-09-02 14:15:14.8980 7.0.0 4231 RootView                       in cgmTransmitterInfoReceived, glucoseData 17, value = 136.339, timestamp = 13:57:51 CEST
2026-09-02 14:15:14.8990 7.0.0 4231 RootView                       in cgmTransmitterInfoReceived, glucoseData 18, value = 135.708, timestamp = 13:56:51 CEST
2026-09-02 14:15:14.9000 7.0.0 4231 RootView                       in cgmTransmitterInfoReceived, glucoseData 19, value = 134.766, timestamp = 13:55:51 CEST
2026-09-02 14:15:14.9010 7.0.0 4231 RootView                       in cgmTransmitterInfoReceived, glucoseData 20, value = 134.317, timestamp = 13:54:51 CEST
2026-09-02 14:15:14.9020 7.0.0 4231 RootView                       in cgmTransmitterInfoReceived, glucoseData 21, value = 134.596, timestamp = 13:53:51 CEST
2026-09-02 14:15:14.9030 7.0.0 4231 RootView                       in cgmTransmitterInfoReceived, glucoseData 22, value = 134.468, timestamp = 13:52:51 CEST
2026-09-02 14:15:14.9040 7.0.0 4231 RootView                       in cgmTransmitterInfoReceived, glucoseData 23, value = 133.758, timestamp = 13:51:51 CEST
2026-09-02 14:15:14.9060 7.0.0 4231 RootView                       in cgmTransmitterInfoReceived, glucoseData 24, value = 133.512, timestamp = 13:50:51 CEST
2026-09-02 14:15:14.9070 7.0.0 4231 RootView                       in processNewGlucoseData, calibrator = NoCalibrator
2026-09-02 14:15:15.4450 7.0.0 4231 RootView                       in processNewGlucoseData, new reading created, timestamp = Wednesday, 2 September 2026 at 14:14:51 Central European Summer Time, calculatedValue = 145,04007999999996
2026-09-02 14:15:15.9220 7.0.0 4231 AlertManager                   in checkAlert, there's no need to raise alert 'fastdrop'
2026-09-02 14:15:15.9240 7.0.0 4231 AlertManager                   in checkAlert, there's no need to raise alert 'verylow'
2026-09-02 14:15:15.9260 7.0.0 4231 AlertManager                   in checkAlert, there's no need to raise alert 'low'
2026-09-02 14:15:15.9280 7.0.0 4231 AlertManager                   in checkAlert, there's no need to raise alert 'fastrise'
2026-09-02 14:15:15.9300 7.0.0 4231 AlertManager                   in checkAlert, there's no need to raise alert 'veryhigh'
2026-09-02 14:15:15.9310 7.0.0 4231 AlertManager                   in checkAlert, there's no need to raise alert 'high'
2026-09-02 14:15:15.9330 7.0.0 4231 AlertManager                   in checkAlert, there's no need to raise alert 'calibration'
2026-09-02 14:15:15.9340 7.0.0 4231 AlertManager                   in checkAlert, there's no need to raise alert 'batterylow'
2026-09-02 14:15:15.9360 7.0.0 4231 AlertManager                   in checkAlert, there's no need to raise alert 'phonebatterylow'
2026-09-02 14:15:15.9980 7.0.0 4231 AlertManager                   in checkAlert, scheduling future alert 'missedreading' with a delay of 30 minutes
2026-09-02 14:15:16.0010 7.0.0 4231 AlertManager                   in checkNotLoopingAlert, threshold = 30 minutes, last device status check = 2026-09-02 12:14:17 +0000, last loop date = 2026-09-02 12:14:06 +0000
2026-09-02 14:15:16.0020 7.0.0 4231 AlertManager                   in checkNotLoopingAlert, skipping because alert is disabled, alert type is disabled, or the downloaded device status is stale
2026-09-02 14:15:16.0340 7.0.0 4231 AlertManager                   in checkAlert, added notification request for alert 'missedreading'
2026-09-02 14:15:16.3360 7.0.0 4231 NightscoutSyncManager          in uploadLatestBgReadings, proceeding with direct BG upload evaluation
2026-09-02 14:15:16.3800 7.0.0 4231 NightscoutSyncManager          in uploadBgReadingsToNightscout, number of readings to upload : 2
2026-09-02 14:15:16.3820 7.0.0 4231 NightscoutSyncManager          in uploadDataAndGetResponse, size of data to upload : 505
2026-09-02 14:15:16.3830 7.0.0 4231 NightscoutSyncManager          in uploadDataAndGetResponse, data to upload : [{"unfiltered":143000,"filtered":143000,"direction":"Flat","type":"sgv","noise":1,"sysTime":"2026-09-02T12:13:51.071Z","sgv":143,"device":"ABBOTT3MH01LZ416R","date":1788351231071,"dateString":"2026-09-02T12:13:51.071Z","_id":"8P5epyQu5ZxrgFSWjrLj1HyT"},{"type":"sgv","_id":"8ptB1xaGHn7kpFZZTW8bWiiK","sgv":145,"direction":"Flat","noise":1,"device":"ABBOTT3MH01LZ416R","dateString":"2026-09-02T12:14:51.069Z","filtered":145000,"unfiltered":145000,"sysTime":"2026-09-02T12:14:51.069Z","date":1788351291069}]
2026-09-02 14:15:16.3840 7.0.0 4231 NightscoutSyncManager          in uploadDataAndGetResponse, calling urlSessionUploadTask.resume
2026-09-02 14:15:16.3860 7.0.0 4231 NightscoutSyncManager          in uploadCalibrationsToNightscout, no calibrations to upload
2026-09-02 14:15:16.4520 7.0.0 4231 NightscoutSyncManager          in syncWithNightscout, calling uploadTreatmentsToNightscout
2026-09-02 14:15:16.4540 7.0.0 4231 NightscoutSyncManager          in uploadTreatmentsToNightscout, no treatments to upload
2026-09-02 14:15:16.4550 7.0.0 4231 NightscoutSyncManager          in syncWithNightscout, uploadTreatmentsToNightscout result = success - 0 treatment entries locally stored or updated
2026-09-02 14:15:16.4560 7.0.0 4231 DexcomShareUploadManager       in upload, uploadReadingstoDexcomShare not enabled
2026-09-02 14:15:16.5080 7.0.0 4231 LoopManager                        in share, sharing data with selected OS-AID target
2026-09-02 14:15:16.5510 7.0.0 4231 LoopManager                        in share, latestReadings JSON = [{"Trend":4,"DT":"\/Date(1788351291000)\/","ST":"\/Date(1788351291000)\/","direction":"Flat","from":"xDrip","Value":145},{"direction":"Flat","ST":"\/Date(1788351231000)\/","Trend":4,"DT":"\/Date(1788351231000)\/","Value":143,"from":"xDrip"},{"from":"xDrip","Trend":4,"direction":"Flat","Value":144,"ST":"\/Date(1788351171000)\/","DT":"\/Date(1788351171000)\/"},{"direction":"Flat","from":"xDrip","Value":145,"Trend":4,"ST":"\/Date(1788351111000)\/","DT":"\/Date(1788351111000)\/"},{"DT":"\/Date(1788351051000)\/","direction":"Flat","from":"xDrip","Value":144,"ST":"\/Date(1788351051000)\/","Trend":4},{"Value":143,"direction":"Flat","Trend":4,"DT":"\/Date(1788350991000)\/","from":"xDrip","ST":"\/Date(1788350991000)\/"},{"direction":"Flat","Trend":4,"DT":"\/Date(1788350931000)\/","Value":143,"from":"xDrip","ST":"\/Date(1788350931000)\/"},{"Trend":4,"direction":"Flat","DT":"\/Date(1788350871000)\/","from":"xDrip","ST":"\/Date(1788350871000)\/","Value":142},{"ST":"\/Date(1788350811000)\/","from":"xDrip","Trend":4,"DT":"\/Date(1788350811000)\/","Value":141,"direction":"Flat"},{"ST":"\/Date(1788350751000)\/","from":"xDrip","Trend":4,"DT":"\/Date(1788350751000)\/","Value":141,"direction":"Flat"},{"ST":"\/Date(1788350691000)\/","direction":"Flat","Trend":4,"from":"xDrip","DT":"\/Date(1788350691000)\/","Value":141},{"Value":141,"direction":"FortyFiveUp","DT":"\/Date(1788350571000)\/","from":"xDrip","Trend":3,"ST":"\/Date(1788350571000)\/"},{"Value":139,"DT":"\/Date(1788350391000)\/","direction":"FortyFiveUp","ST":"\/Date(1788350391000)\/","Trend":3,"from":"xDrip"},{"from":"xDrip","DT":"\/Date(1788350331000)\/","Value":137,"ST":"\/Date(1788350331000)\/","Trend":4,"direction":"Flat"},{"Trend":4,"DT":"\/Date(1788350271000)\/","direction":"Flat","ST":"\/Date(1788350271000)\/","Value":136,"from":"xDrip"},{"DT":"\/Date(1788350211000)\/","Trend":4,"direction":"Flat","Value":136,"from":"xDrip","ST":"\/Date(1788350211000)\/"},{"Trend":4,"DT":"\/Date(1788350151000)\/","Value":135,"ST":"\/Date(1788350151000)\/","direction":"Flat","from":"xDrip"},{"direction":"Flat","DT":"\/Date(1788350091000)\/","ST":"\/Date(1788350091000)\/","Value":134,"Trend":4,"from":"xDrip"},{"DT":"\/Date(1788350031000)\/","ST":"\/Date(1788350031000)\/","from":"xDrip","Trend":4,"Value":135,"direction":"Flat"},{"from":"xDrip","Value":134,"DT":"\/Date(1788349971000)\/","ST":"\/Date(1788349971000)\/","direction":"Flat","Trend":4},{"Trend":4,"ST":"\/Date(1788349911000)\/","DT":"\/Date(1788349911000)\/","Value":134,"direction":"Flat","from":"xDrip"},{"DT":"\/Date(1788349851000)\/","Trend":4,"Value":134,"direction":"Flat","from":"xDrip","ST":"\/Date(1788349851000)\/"},{"DT":"\/Date(1788349791000)\/","direction":"Flat","from":"xDrip","Trend":4,"Value":133,"ST":"\/Date(1788349791000)\/"},{"DT":"\/Date(1788349731000)\/","Value":132,"Trend":4,"from":"xDrip","direction":"Flat","ST":"\/Date(1788349731000)\/"},{"Value":132,"Trend":4,"ST":"\/Date(1788349671000)\/","DT":"\/Date(1788349671000)\/","direction":"Flat","from":"xDrip"},{"Trend":4,"from":"xDrip","ST":"\/Date(1788349611000)\/","direction":"Flat","DT":"\/Date(1788349611000)\/","Value":132},{"DT":"\/Date(1788349551000)\/","Value":131,"direction":"Flat","Trend":4,"ST":"\/Date(1788349551000)\/","from":"xDrip"},{"from":"xDrip","DT":"\/Date(1788349491000)\/","ST":"\/Date(1788349491000)\/","direction":"Flat","Trend":4,"Value":131}]
2026-09-02 14:15:16.5540 7.0.0 4231 LoopManager                        in share, stored readings for selected OS-AID target
2026-09-02 14:15:16.5950 7.0.0 4231 NightscoutSyncManager          in uploadDataAndGetResponse, finished upload
2026-09-02 14:15:16.6160 7.0.0 4231 WatchManager                   sending background watch update
2026-09-02 14:15:16.6170 7.0.0 4231 RootView                       in cgmTransmitterInfoReceived, cannot calculate hourly transmitter read success
2026-09-02 14:15:16.8840 7.0.0 4231 NightscoutSyncManager          in scheduleNightscoutSyncRelaunch, app backgrounded, deferring until active
2026-09-02 14:15:16.8860 7.0.0 4231 NightscoutSyncManager          in updateTreatment, calling getLatestTreatmentsNSResponses
2026-09-02 14:15:16.9520 7.0.0 4231 CalendarManager                in createCalendarEvent, latest reading is too close to the last shared reading, will not create a new event
2026-09-02 14:15:17.1100 7.0.0 4231 GlucoseChartManager            in updateBasalScaler, initial calculated max basal = 6.3, basal scaler = 7.6190476190476195
2026-09-02 14:15:17.4490 7.0.0 4231 NightscoutSyncManager          in uploadDataAndGetResponse, data received = [{"type":"sgv","_id":"8ptB1xaGHn7kpFZZTW8bWiiK","sgv":145,"direction":"Flat","noise":1,"device":"ABBOTT3MH01LZ416R","dateString":"2026-09-02T12:14:51.069Z","filtered":145000,"unfiltered":145000,"sysTime":"2026-09-02T12:14:51.069Z","date":1788351291069,"utcOffset":0},{"unfiltered":143000,"filtered":143000,"direction":"Flat","type":"sgv","noise":1,"sysTime":"2026-09-02T12:13:51.071Z","sgv":143,"device":"ABBOTT3MH01LZ416R","date":1788351231071,"dateString":"2026-09-02T12:13:51.071Z","_id":"8P5epyQu5ZxrgFSWjrLj1HyT","utcOffset":0}]
2026-09-02 14:15:17.4500 7.0.0 4231 NightscoutSyncManager          in uploadBgReadingsToNightscout, in uploadBgReadingsToNightscout, upload succeeded, timeStampLatestNightscoutUploadedBgReading = 2 Sep 2026 at 14:14:51
2026-09-02 14:15:17.4810 7.0.0 4231 NightscoutSyncManager          in updateDeviceStatus, updated device status with createdAt = 2 Sep 2026 at 14:14. Last looping date = 2 Sep 2026 at 14:14
2026-09-02 14:15:17.4840 7.0.0 4231 NightscoutSyncManager          in updateDeviceStatus, deviceStatus data = NightscoutDeviceStatus(updatedDate: 2026-09-02 12:15:17 +0000, lastCheckedDate: 2026-09-02 12:15:17 +0000, lastLoopDate: 2026-09-02 12:14:06 +0000, createdAt: 2026-09-02 12:14:08 +0000, device: Optional("Trio"), appVersion: Optional("0.8.4"), id: "6a9813108e44c603bf2c0d15", mills: 0, utcOffset: 0, activeProfile: nil, baseBasalRate: nil, bolusVolume: nil, cob: Optional(30.0), currentTarget: Optional(5.6), duration: Optional(60), eventualBG: Optional(167.0), iob: Optional(3.897), isf: Optional(48.0), insulinReq: Optional(0.0), rate: Optional(0.0), reason: Optional("Autosens ratio: 1, ISF: 2.7→2.7, COB: 30, Dev: 2.4, BGI: -0.3, CR: 6, Target: 5.6, minPredBG: 5.2, minGuardBG: 4.6, IOBpredBG: 2.2, COBpredBG: 9.3, UAMpredBG: 2.2, TDD: 42.65 U; minGuardBG 4.6&lt;5.6 56m left and 0 ~ req 0U/hr: no temp required"), sensitivityRatio: Optional(1.0), tdd: Optional(42.65), timestamp: Optional(2026-09-02 12:14:06 +0000), error: nil, overrideActive: nil, overrideName: nil, overrideMaxValue: nil, overrideMinValue: nil, overrideMultiplier: nil, pumpBatteryPercent: Optional(100), pumpClock: Optional(2026-09-02 12:14:06 +0000), pumpID: nil, pumpIsBolusing: Optional(false), pumpIsSuspended: Optional(false), pumpStatus: Optional("normal"), pumpStatusTimestamp: Optional(2026-09-02 12:14:02 +0000), pumpManufacturer: nil, pumpModel: nil, pumpReservoir: Optional(247.25), uploaderBatteryPercent: Optional(75), uploaderIsCharging: Optional(false))
2026-09-02 14:15:17.5170 7.0.0 4231 NightscoutSyncManager          in getLatestTreatmentsNSResponses, 164 treatments downloaded
2026-09-02 14:15:18.6530 7.0.0 4231 NightscoutSyncManager          in updateTreatment, getLatestTreatmentsNSResponses result = success - 0 treatment entries locally stored or updated
2026-09-02 14:15:18.6550 7.0.0 4231 NightscoutSyncManager          in deleteTreatment, relaunching nightscoutsync (coalesced)
2026-09-02 14:15:19.3390 7.0.0 4231 NightscoutSyncManager          in syncWithNightscout, aborted because app is backgrounded and not overriden
2026-09-02 14:15:19.3410 7.0.0 4231 NightscoutSyncManager          in performBackgroundFollowerRefreshIfNeeded, refreshing Nightscout follow data while backgrounded
2026-09-02 14:15:19.5990 7.0.0 4231 NightscoutSyncManager          in updateDeviceStatus, updated device status with createdAt = 2 Sep 2026 at 14:14. Last looping date = 2 Sep 2026 at 14:14
2026-09-02 14:15:19.6020 7.0.0 4231 NightscoutSyncManager          in updateDeviceStatus, deviceStatus data = NightscoutDeviceStatus(updatedDate: 2026-09-02 12:15:19 +0000, lastCheckedDate: 2026-09-02 12:15:19 +0000, lastLoopDate: 2026-09-02 12:14:06 +0000, createdAt: 2026-09-02 12:14:08 +0000, device: Optional("Trio"), appVersion: Optional("0.8.4"), id: "6a9813108e44c603bf2c0d15", mills: 0, utcOffset: 0, activeProfile: nil, baseBasalRate: nil, bolusVolume: nil, cob: Optional(30.0), currentTarget: Optional(5.6), duration: Optional(60), eventualBG: Optional(167.0), iob: Optional(3.897), isf: Optional(48.0), insulinReq: Optional(0.0), rate: Optional(0.0), reason: Optional("Autosens ratio: 1, ISF: 2.7→2.7, COB: 30, Dev: 2.4, BGI: -0.3, CR: 6, Target: 5.6, minPredBG: 5.2, minGuardBG: 4.6, IOBpredBG: 2.2, COBpredBG: 9.3, UAMpredBG: 2.2, TDD: 42.65 U; minGuardBG 4.6&lt;5.6 56m left and 0 ~ req 0U/hr: no temp required"), sensitivityRatio: Optional(1.0), tdd: Optional(42.65), timestamp: Optional(2026-09-02 12:14:06 +0000), error: nil, overrideActive: nil, overrideName: nil, overrideMaxValue: nil, overrideMinValue: nil, overrideMultiplier: nil, pumpBatteryPercent: Optional(100), pumpClock: Optional(2026-09-02 12:14:06 +0000), pumpID: nil, pumpIsBolusing: Optional(false), pumpIsSuspended: Optional(false), pumpStatus: Optional("normal"), pumpStatusTimestamp: Optional(2026-09-02 12:14:02 +0000), pumpManufacturer: nil, pumpModel: nil, pumpReservoir: Optional(247.25), uploaderBatteryPercent: Optional(75), uploaderIsCharging: Optional(false))
2026-09-02 14:16:15.4290 7.0.0 4231 BlueToothTransmitter           in didUpdateValueFor, data = cce69fbb72a21bde6a8f027bad8914072b77309e
2026-09-02 14:16:15.4300 7.0.0 4231 BlueToothTransmitter           in didUpdateValueFor, data = 6fd23f6f739131ab8a0cec7f418c001ac4f0
2026-09-02 14:16:15.4330 7.0.0 4231 BlueToothTransmitter           in didUpdateValueFor, data = 7ef5e8e1064fbf8a
2026-09-02 14:16:15.4350 7.0.0 4231 Libre2                         Libre 2 completed frame: sensorTime=1404, previousSensorTime=1403, sensorAdvance=1, interArrivalSeconds=60.845, elapsedSinceBaselineSeconds=5244.367, sensorAdvanceSinceBaseline=87, estimatedLagSeconds=24.367, assemblySeconds=0.003, appInForeground=false, decision=current
2026-09-02 14:16:15.6820 7.0.0 4231 Libre2                         accepted Libre 2 frame: sensorTime=1404, generatedReadingCount=25, newestGeneratedTimestampSecondsSince1970=1788351351.067, processingSeconds=0.240, estimatedLagAtDeliverySeconds=24.606
2026-09-02 14:16:15.6840 7.0.0 4231 RootView                       in cgmTransmitterInfoReceived, transmitterBatteryInfo not received
2026-09-02 14:16:15.6850 7.0.0 4231 RootView                       in cgmTransmitterInfoReceived, sensor time in days 1.0
2026-09-02 14:16:15.6850 7.0.0 4231 RootView                       in cgmTransmitterInfoReceived, glucoseData array size = 25 values
2026-09-02 14:16:15.6910 7.0.0 4231 RootView                       in cgmTransmitterInfoReceived, glucoseData 00, value = 146.042, timestamp = 14:15:51 CEST
2026-09-02 14:16:15.6920 7.0.0 4231 RootView                       in cgmTransmitterInfoReceived, glucoseData 01, value = 145.04, timestamp = 14:14:51 CEST
2026-09-02 14:16:15.6940 7.0.0 4231 RootView                       in cgmTransmitterInfoReceived, glucoseData 02, value = 143.405, timestamp = 14:13:51 CEST
2026-09-02 14:16:15.6950 7.0.0 4231 RootView                       in cgmTransmitterInfoReceived, glucoseData 03, value = 144.217, timestamp = 14:12:51 CEST
2026-09-02 14:16:15.6960 7.0.0 4231 RootView                       in cgmTransmitterInfoReceived, glucoseData 04, value = 144.566, timestamp = 14:11:51 CEST
2026-09-02 14:16:15.6970 7.0.0 4231 RootView                       in cgmTransmitterInfoReceived, glucoseData 05, value = 143.557, timestamp = 14:10:51 CEST
2026-09-02 14:16:15.6980 7.0.0 4231 RootView                       in cgmTransmitterInfoReceived, glucoseData 06, value = 143.112, timestamp = 14:09:51 CEST
2026-09-02 14:16:15.7000 7.0.0 4231 RootView                       in cgmTransmitterInfoReceived, glucoseData 07, value = 142.806, timestamp = 14:08:51 CEST
2026-09-02 14:16:15.7010 7.0.0 4231 RootView                       in cgmTransmitterInfoReceived, glucoseData 08, value = 142.433, timestamp = 14:07:51 CEST
2026-09-02 14:16:15.7020 7.0.0 4231 RootView                       in cgmTransmitterInfoReceived, glucoseData 09, value = 140.89, timestamp = 14:06:51 CEST
2026-09-02 14:16:15.7030 7.0.0 4231 RootView                       in cgmTransmitterInfoReceived, glucoseData 10, value = 140.631, timestamp = 14:05:51 CEST
2026-09-02 14:16:15.7040 7.0.0 4231 RootView                       in cgmTransmitterInfoReceived, glucoseData 11, value = 141.098, timestamp = 14:04:51 CEST
2026-09-02 14:16:15.7050 7.0.0 4231 RootView                       in cgmTransmitterInfoReceived, glucoseData 12, value = 141.023, timestamp = 14:03:51 CEST
2026-09-02 14:16:15.7070 7.0.0 4231 RootView                       in cgmTransmitterInfoReceived, glucoseData 13, value = 141.073, timestamp = 14:02:51 CEST
2026-09-02 14:16:15.7080 7.0.0 4231 RootView                       in cgmTransmitterInfoReceived, glucoseData 14, value = 139.342, timestamp = 14:01:51 CEST
2026-09-02 14:16:15.7090 7.0.0 4231 RootView                       in cgmTransmitterInfoReceived, glucoseData 15, value = 138.996, timestamp = 14:00:51 CEST
2026-09-02 14:16:15.7100 7.0.0 4231 RootView                       in cgmTransmitterInfoReceived, glucoseData 16, value = 138.656, timestamp = 13:59:51 CEST
2026-09-02 14:16:15.7110 7.0.0 4231 RootView                       in cgmTransmitterInfoReceived, glucoseData 17, value = 136.804, timestamp = 13:58:51 CEST
2026-09-02 14:16:15.7120 7.0.0 4231 RootView                       in cgmTransmitterInfoReceived, glucoseData 18, value = 136.339, timestamp = 13:57:51 CEST
2026-09-02 14:16:15.7130 7.0.0 4231 RootView                       in cgmTransmitterInfoReceived, glucoseData 19, value = 135.708, timestamp = 13:56:51 CEST
2026-09-02 14:16:15.7140 7.0.0 4231 RootView                       in cgmTransmitterInfoReceived, glucoseData 20, value = 134.766, timestamp = 13:55:51 CEST
2026-09-02 14:16:15.7150 7.0.0 4231 RootView                       in cgmTransmitterInfoReceived, glucoseData 21, value = 134.317, timestamp = 13:54:51 CEST
2026-09-02 14:16:15.7160 7.0.0 4231 RootView                       in cgmTransmitterInfoReceived, glucoseData 22, value = 134.596, timestamp = 13:53:51 CEST
2026-09-02 14:16:15.7170 7.0.0 4231 RootView                       in cgmTransmitterInfoReceived, glucoseData 23, value = 134.468, timestamp = 13:52:51 CEST
2026-09-02 14:16:15.7190 7.0.0 4231 RootView                       in cgmTransmitterInfoReceived, glucoseData 24, value = 133.758, timestamp = 13:51:51 CEST
2026-09-02 14:16:15.7190 7.0.0 4231 RootView                       in processNewGlucoseData, calibrator = NoCalibrator
2026-09-02 14:16:16.2520 7.0.0 4231 RootView                       in processNewGlucoseData, new reading created, timestamp = Wednesday, 2 September 2026 at 14:15:51 Central European Summer Time, calculatedValue = 146,04214666666664
2026-09-02 14:16:16.7120 7.0.0 4231 AlertManager                   in checkAlert, there's no need to raise alert 'fastdrop'
2026-09-02 14:16:16.7140 7.0.0 4231 AlertManager                   in checkAlert, there's no need to raise alert 'verylow'
2026-09-02 14:16:16.7160 7.0.0 4231 AlertManager                   in checkAlert, there's no need to raise alert 'low'
2026-09-02 14:16:16.7180 7.0.0 4231 AlertManager                   in checkAlert, there's no need to raise alert 'fastrise'
2026-09-02 14:16:16.7190 7.0.0 4231 AlertManager                   in checkAlert, there's no need to raise alert 'veryhigh'
2026-09-02 14:16:16.7210 7.0.0 4231 AlertManager                   in checkAlert, there's no need to raise alert 'high'
2026-09-02 14:16:16.7230 7.0.0 4231 AlertManager                   in checkAlert, there's no need to raise alert 'calibration'
2026-09-02 14:16:16.7240 7.0.0 4231 AlertManager                   in checkAlert, there's no need to raise alert 'batterylow'
2026-09-02 14:16:16.7260 7.0.0 4231 AlertManager                   in checkAlert, there's no need to raise alert 'phonebatterylow'
2026-09-02 14:16:16.7870 7.0.0 4231 AlertManager                   in checkAlert, scheduling future alert 'missedreading' with a delay of 30 minutes
2026-09-02 14:16:16.7890 7.0.0 4231 AlertManager                   in checkNotLoopingAlert, threshold = 30 minutes, last device status check = 2026-09-02 12:15:19 +0000, last loop date = 2026-09-02 12:14:06 +0000
2026-09-02 14:16:16.7900 7.0.0 4231 AlertManager                   in checkNotLoopingAlert, skipping because alert is disabled, alert type is disabled, or the downloaded device status is stale
2026-09-02 14:16:16.8230 7.0.0 4231 AlertManager                   in checkAlert, added notification request for alert 'missedreading'
2026-09-02 14:16:17.1190 7.0.0 4231 NightscoutSyncManager          in uploadLatestBgReadings, proceeding with direct BG upload evaluation
2026-09-02 14:16:17.1640 7.0.0 4231 NightscoutSyncManager          in uploadBgReadingsToNightscout, number of readings to upload : 1
2026-09-02 14:16:17.1660 7.0.0 4231 NightscoutSyncManager          in uploadDataAndGetResponse, size of data to upload : 260
2026-09-02 14:16:17.1660 7.0.0 4231 NightscoutSyncManager          in uploadDataAndGetResponse, data to upload : [{"sysTime":"2026-09-02T12:15:51.067Z","type":"sgv","_id":"0RBB9AbTSl2bF45E6YtEX8Lv","direction":"FortyFiveUp","unfiltered":146000,"sgv":146,"filtered":146000,"device":"ABBOTT3MH01LZ416R","date":1788351351067,"dateString":"2026-09-02T12:15:51.067Z","noise":1}]
2026-09-02 14:16:17.1680 7.0.0 4231 NightscoutSyncManager          in uploadDataAndGetResponse, calling urlSessionUploadTask.resume
2026-09-02 14:16:17.1700 7.0.0 4231 NightscoutSyncManager          in uploadCalibrationsToNightscout, no calibrations to upload
2026-09-02 14:16:17.2330 7.0.0 4231 NightscoutSyncManager          in syncWithNightscout, calling uploadTreatmentsToNightscout
2026-09-02 14:16:17.2360 7.0.0 4231 NightscoutSyncManager          in uploadTreatmentsToNightscout, no treatments to upload
2026-09-02 14:16:17.2370 7.0.0 4231 NightscoutSyncManager          in syncWithNightscout, uploadTreatmentsToNightscout result = success - 0 treatment entries locally stored or updated
2026-09-02 14:16:17.2380 7.0.0 4231 DexcomShareUploadManager       in upload, uploadReadingstoDexcomShare not enabled
2026-09-02 14:16:17.2670 7.0.0 4231 NightscoutSyncManager          in uploadDataAndGetResponse, finished upload
2026-09-02 14:16:17.2860 7.0.0 4231 LoopManager                        in share, sharing data with selected OS-AID target
2026-09-02 14:16:17.3330 7.0.0 4231 LoopManager                        in share, latestReadings JSON = [{"Trend":3,"ST":"\/Date(1788351351000)\/","Value":146,"from":"xDrip","DT":"\/Date(1788351351000)\/","direction":"FortyFiveUp"},{"Value":145,"ST":"\/Date(1788351291000)\/","from":"xDrip","direction":"Flat","Trend":4,"DT":"\/Date(1788351291000)\/"},{"Trend":4,"ST":"\/Date(1788351231000)\/","DT":"\/Date(1788351231000)\/","Value":143,"direction":"Flat","from":"xDrip"},{"DT":"\/Date(1788351171000)\/","Value":144,"Trend":4,"ST":"\/Date(1788351171000)\/","direction":"Flat","from":"xDrip"},{"direction":"Flat","Trend":4,"Value":145,"DT":"\/Date(1788351111000)\/","from":"xDrip","ST":"\/Date(1788351111000)\/"},{"from":"xDrip","direction":"Flat","Trend":4,"ST":"\/Date(1788351051000)\/","Value":144,"DT":"\/Date(1788351051000)\/"},{"DT":"\/Date(1788350991000)\/","from":"xDrip","ST":"\/Date(1788350991000)\/","Trend":4,"direction":"Flat","Value":143},{"DT":"\/Date(1788350931000)\/","Trend":4,"ST":"\/Date(1788350931000)\/","Value":143,"direction":"Flat","from":"xDrip"},{"from":"xDrip","Trend":4,"ST":"\/Date(1788350871000)\/","Value":142,"direction":"Flat","DT":"\/Date(1788350871000)\/"},{"Value":141,"DT":"\/Date(1788350811000)\/","direction":"Flat","ST":"\/Date(1788350811000)\/","Trend":4,"from":"xDrip"},{"Trend":4,"from":"xDrip","Value":141,"ST":"\/Date(1788350751000)\/","DT":"\/Date(1788350751000)\/","direction":"Flat"},{"from":"xDrip","Value":141,"direction":"Flat","DT":"\/Date(1788350691000)\/","Trend":4,"ST":"\/Date(1788350691000)\/"},{"from":"xDrip","Trend":3,"ST":"\/Date(1788350571000)\/","DT":"\/Date(1788350571000)\/","Value":141,"direction":"FortyFiveUp"},{"Value":139,"direction":"FortyFiveUp","DT":"\/Date(1788350391000)\/","from":"xDrip","Trend":3,"ST":"\/Date(1788350391000)\/"},{"ST":"\/Date(1788350331000)\/","direction":"Flat","Trend":4,"from":"xDrip","DT":"\/Date(1788350331000)\/","Value":137},{"Trend":4,"ST":"\/Date(1788350271000)\/","Value":136,"direction":"Flat","from":"xDrip","DT":"\/Date(1788350271000)\/"},{"direction":"Flat","DT":"\/Date(1788350211000)\/","from":"xDrip","Trend":4,"Value":136,"ST":"\/Date(1788350211000)\/"},{"Trend":4,"Value":135,"ST":"\/Date(1788350151000)\/","DT":"\/Date(1788350151000)\/","direction":"Flat","from":"xDrip"},{"ST":"\/Date(1788350091000)\/","from":"xDrip","DT":"\/Date(1788350091000)\/","Trend":4,"Value":134,"direction":"Flat"},{"DT":"\/Date(1788350031000)\/","Trend":4,"Value":135,"direction":"Flat","from":"xDrip","ST":"\/Date(1788350031000)\/"},{"DT":"\/Date(1788349971000)\/","Value":134,"Trend":4,"from":"xDrip","direction":"Flat","ST":"\/Date(1788349971000)\/"},{"from":"xDrip","ST":"\/Date(1788349911000)\/","Trend":4,"DT":"\/Date(1788349911000)\/","Value":134,"direction":"Flat"},{"Value":134,"direction":"Flat","from":"xDrip","Trend":4,"ST":"\/Date(1788349851000)\/","DT":"\/Date(1788349851000)\/"},{"DT":"\/Date(1788349791000)\/","Trend":4,"Value":133,"from":"xDrip","ST":"\/Date(1788349791000)\/","direction":"Flat"},{"Value":132,"DT":"\/Date(1788349731000)\/","ST":"\/Date(1788349731000)\/","from":"xDrip","direction":"Flat","Trend":4},{"Value":132,"ST":"\/Date(1788349671000)\/","from":"xDrip","direction":"Flat","DT":"\/Date(1788349671000)\/","Trend":4},{"from":"xDrip","DT":"\/Date(1788349611000)\/","Trend":4,"ST":"\/Date(1788349611000)\/","Value":132,"direction":"Flat"},{"ST":"\/Date(1788349551000)\/","Value":131,"Trend":4,"direction":"Flat","DT":"\/Date(1788349551000)\/","from":"xDrip"}]
2026-09-02 14:16:17.3360 7.0.0 4231 LoopManager                        in share, stored readings for selected OS-AID target
2026-09-02 14:16:17.3980 7.0.0 4231 WatchManager                   sending background watch update
2026-09-02 14:16:17.4000 7.0.0 4231 RootView                       in cgmTransmitterInfoReceived, cannot calculate hourly transmitter read success
2026-09-02 14:16:17.6610 7.0.0 4231 NightscoutSyncManager          in scheduleNightscoutSyncRelaunch, app backgrounded, deferring until active
2026-09-02 14:16:17.6620 7.0.0 4231 NightscoutSyncManager          in updateTreatment, calling getLatestTreatmentsNSResponses
2026-09-02 14:16:18.0060 7.0.0 4231 CalendarManager                in createCalendarEvent, calendar sharing succeeded
2026-09-02 14:16:18.2000 7.0.0 4231 GlucoseChartManager            in updateBasalScaler, initial calculated max basal = 6.3, basal scaler = 7.6190476190476195
2026-09-02 14:16:18.2480 7.0.0 4231 NightscoutSyncManager          in uploadDataAndGetResponse, data received = [{"sysTime":"2026-09-02T12:15:51.067Z","type":"sgv","_id":"0RBB9AbTSl2bF45E6YtEX8Lv","direction":"FortyFiveUp","unfiltered":146000,"sgv":146,"filtered":146000,"device":"ABBOTT3MH01LZ416R","date":1788351351067,"dateString":"2026-09-02T12:15:51.067Z","noise":1,"utcOffset":0}]
2026-09-02 14:16:18.2490 7.0.0 4231 NightscoutSyncManager          in uploadBgReadingsToNightscout, in uploadBgReadingsToNightscout, upload succeeded, timeStampLatestNightscoutUploadedBgReading = 2 Sep 2026 at 14:15:51
2026-09-02 14:16:18.3690 7.0.0 4231 CalendarManager                in eventStoreChanged
2026-09-02 14:16:18.3700 7.0.0 4231 CalendarManager                in download
2026-09-02 14:16:18.3710 7.0.0 4231 CalendarManager                    not follower
2026-09-02 14:16:18.5640 7.0.0 4231 NightscoutSyncManager          in updateDeviceStatus, updated device status with createdAt = 2 Sep 2026 at 14:14. Last looping date = 2 Sep 2026 at 14:14
2026-09-02 14:16:18.5700 7.0.0 4231 NightscoutSyncManager          in updateDeviceStatus, deviceStatus data = NightscoutDeviceStatus(updatedDate: 2026-09-02 12:16:18 +0000, lastCheckedDate: 2026-09-02 12:16:18 +0000, lastLoopDate: 2026-09-02 12:14:06 +0000, createdAt: 2026-09-02 12:14:08 +0000, device: Optional("Trio"), appVersion: Optional("0.8.4"), id: "6a9813108e44c603bf2c0d15", mills: 0, utcOffset: 0, activeProfile: nil, baseBasalRate: nil, bolusVolume: nil, cob: Optional(30.0), currentTarget: Optional(5.6), duration: Optional(60), eventualBG: Optional(167.0), iob: Optional(3.897), isf: Optional(48.0), insulinReq: Optional(0.0), rate: Optional(0.0), reason: Optional("Autosens ratio: 1, ISF: 2.7→2.7, COB: 30, Dev: 2.4, BGI: -0.3, CR: 6, Target: 5.6, minPredBG: 5.2, minGuardBG: 4.6, IOBpredBG: 2.2, COBpredBG: 9.3, UAMpredBG: 2.2, TDD: 42.65 U; minGuardBG 4.6&lt;5.6 56m left and 0 ~ req 0U/hr: no temp required"), sensitivityRatio: Optional(1.0), tdd: Optional(42.65), timestamp: Optional(2026-09-02 12:14:06 +0000), error: nil, overrideActive: nil, overrideName: nil, overrideMaxValue: nil, overrideMinValue: nil, overrideMultiplier: nil, pumpBatteryPercent: Optional(100), pumpClock: Optional(2026-09-02 12:14:06 +0000), pumpID: nil, pumpIsBolusing: Optional(false), pumpIsSuspended: Optional(false), pumpStatus: Optional("normal"), pumpStatusTimestamp: Optional(2026-09-02 12:14:02 +0000), pumpManufacturer: nil, pumpModel: nil, pumpReservoir: Optional(247.25), uploaderBatteryPercent: Optional(75), uploaderIsCharging: Optional(false))
2026-09-02 14:16:18.6080 7.0.0 4231 NightscoutSyncManager          in getLatestTreatmentsNSResponses, 164 treatments downloaded
2026-09-02 14:16:19.7040 7.0.0 4231 NightscoutSyncManager          in updateTreatment, getLatestTreatmentsNSResponses result = success - 0 treatment entries locally stored or updated
2026-09-02 14:16:19.7060 7.0.0 4231 NightscoutSyncManager          in deleteTreatment, relaunching nightscoutsync (coalesced)
2026-09-02 14:16:20.2420 7.0.0 4231 NightscoutSyncManager          in syncWithNightscout, aborted because app is backgrounded and not overriden
2026-09-02 14:16:20.2440 7.0.0 4231 NightscoutSyncManager          in performBackgroundFollowerRefreshIfNeeded, refreshing Nightscout follow data while backgrounded
2026-09-02 14:16:20.3040 7.0.0 4231 NightscoutSyncManager          in updateDeviceStatus, updated device status with createdAt = 2 Sep 2026 at 14:14. Last looping date = 2 Sep 2026 at 14:14
2026-09-02 14:16:20.3060 7.0.0 4231 NightscoutSyncManager          in updateDeviceStatus, deviceStatus data = NightscoutDeviceStatus(updatedDate: 2026-09-02 12:16:20 +0000, lastCheckedDate: 2026-09-02 12:16:20 +0000, lastLoopDate: 2026-09-02 12:14:06 +0000, createdAt: 2026-09-02 12:14:08 +0000, device: Optional("Trio"), appVersion: Optional("0.8.4"), id: "6a9813108e44c603bf2c0d15", mills: 0, utcOffset: 0, activeProfile: nil, baseBasalRate: nil, bolusVolume: nil, cob: Optional(30.0), currentTarget: Optional(5.6), duration: Optional(60), eventualBG: Optional(167.0), iob: Optional(3.897), isf: Optional(48.0), insulinReq: Optional(0.0), rate: Optional(0.0), reason: Optional("Autosens ratio: 1, ISF: 2.7→2.7, COB: 30, Dev: 2.4, BGI: -0.3, CR: 6, Target: 5.6, minPredBG: 5.2, minGuardBG: 4.6, IOBpredBG: 2.2, COBpredBG: 9.3, UAMpredBG: 2.2, TDD: 42.65 U; minGuardBG 4.6&lt;5.6 56m left and 0 ~ req 0U/hr: no temp required"), sensitivityRatio: Optional(1.0), tdd: Optional(42.65), timestamp: Optional(2026-09-02 12:14:06 +0000), error: nil, overrideActive: nil, overrideName: nil, overrideMaxValue: nil, overrideMinValue: nil, overrideMultiplier: nil, pumpBatteryPercent: Optional(100), pumpClock: Optional(2026-09-02 12:14:06 +0000), pumpID: nil, pumpIsBolusing: Optional(false), pumpIsSuspended: Optional(false), pumpStatus: Optional("normal"), pumpStatusTimestamp: Optional(2026-09-02 12:14:02 +0000), pumpManufacturer: nil, pumpModel: nil, pumpReservoir: Optional(247.25), uploaderBatteryPercent: Optional(75), uploaderIsCharging: Optional(false))
2026-09-02 14:17:15.1000 7.0.0 4231 BlueToothTransmitter           in didUpdateValueFor, data = 5a6096ffba9bace96f71b7ce0f5d26c1f128bd2f
2026-09-02 14:17:15.1030 7.0.0 4231 BlueToothTransmitter           in didUpdateValueFor, data = 1cc8385610fa8ba2eb52455173082e0e9f24
2026-09-02 14:17:15.1040 7.0.0 4231 BlueToothTransmitter           in didUpdateValueFor, data = f30716cd97ff97b3
2026-09-02 14:17:15.1070 7.0.0 4231 Libre2                         Libre 2 completed frame: sensorTime=1405, previousSensorTime=1404, sensorAdvance=1, interArrivalSeconds=59.674, elapsedSinceBaselineSeconds=5304.040, sensorAdvanceSinceBaseline=88, estimatedLagSeconds=24.040, assemblySeconds=0.003, appInForeground=false, decision=current
2026-09-02 14:17:15.3440 7.0.0 4231 Libre2                         accepted Libre 2 frame: sensorTime=1405, generatedReadingCount=25, newestGeneratedTimestampSecondsSince1970=1788351411.065, processingSeconds=0.229, estimatedLagAtDeliverySeconds=24.270
2026-09-02 14:17:15.3450 7.0.0 4231 RootView                       in cgmTransmitterInfoReceived, transmitterBatteryInfo not received
2026-09-02 14:17:15.3460 7.0.0 4231 RootView                       in cgmTransmitterInfoReceived, sensor time in days 1.0
2026-09-02 14:17:15.3470 7.0.0 4231 RootView                       in cgmTransmitterInfoReceived, glucoseData array size = 25 values
2026-09-02 14:17:15.3530 7.0.0 4231 RootView                       in cgmTransmitterInfoReceived, glucoseData 00, value = 146.676, timestamp = 14:16:51 CEST
2026-09-02 14:17:15.3540 7.0.0 4231 RootView                       in cgmTransmitterInfoReceived, glucoseData 01, value = 146.042, timestamp = 14:15:51 CEST
2026-09-02 14:17:15.3550 7.0.0 4231 RootView                       in cgmTransmitterInfoReceived, glucoseData 02, value = 145.04, timestamp = 14:14:51 CEST
2026-09-02 14:17:15.3560 7.0.0 4231 RootView                       in cgmTransmitterInfoReceived, glucoseData 03, value = 143.405, timestamp = 14:13:51 CEST
2026-09-02 14:17:15.3580 7.0.0 4231 RootView                       in cgmTransmitterInfoReceived, glucoseData 04, value = 144.217, timestamp = 14:12:51 CEST
2026-09-02 14:17:15.3590 7.0.0 4231 RootView                       in cgmTransmitterInfoReceived, glucoseData 05, value = 144.566, timestamp = 14:11:51 CEST
2026-09-02 14:17:15.3600 7.0.0 4231 RootView                       in cgmTransmitterInfoReceived, glucoseData 06, value = 143.557, timestamp = 14:10:51 CEST
2026-09-02 14:17:15.3620 7.0.0 4231 RootView                       in cgmTransmitterInfoReceived, glucoseData 07, value = 143.112, timestamp = 14:09:51 CEST
2026-09-02 14:17:15.3630 7.0.0 4231 RootView                       in cgmTransmitterInfoReceived, glucoseData 08, value = 142.806, timestamp = 14:08:51 CEST
2026-09-02 14:17:15.3640 7.0.0 4231 RootView                       in cgmTransmitterInfoReceived, glucoseData 09, value = 142.433, timestamp = 14:07:51 CEST
2026-09-02 14:17:15.3650 7.0.0 4231 RootView                       in cgmTransmitterInfoReceived, glucoseData 10, value = 140.89, timestamp = 14:06:51 CEST
2026-09-02 14:17:15.3660 7.0.0 4231 RootView                       in cgmTransmitterInfoReceived, glucoseData 11, value = 140.631, timestamp = 14:05:51 CEST
2026-09-02 14:17:15.3670 7.0.0 4231 RootView                       in cgmTransmitterInfoReceived, glucoseData 12, value = 141.098, timestamp = 14:04:51 CEST
2026-09-02 14:17:15.3680 7.0.0 4231 RootView                       in cgmTransmitterInfoReceived, glucoseData 13, value = 141.023, timestamp = 14:03:51 CEST
2026-09-02 14:17:15.3690 7.0.0 4231 RootView                       in cgmTransmitterInfoReceived, glucoseData 14, value = 141.073, timestamp = 14:02:51 CEST
2026-09-02 14:17:15.3700 7.0.0 4231 RootView                       in cgmTransmitterInfoReceived, glucoseData 15, value = 139.342, timestamp = 14:01:51 CEST
2026-09-02 14:17:15.3710 7.0.0 4231 RootView                       in cgmTransmitterInfoReceived, glucoseData 16, value = 138.996, timestamp = 14:00:51 CEST
2026-09-02 14:17:15.3720 7.0.0 4231 RootView                       in cgmTransmitterInfoReceived, glucoseData 17, value = 138.656, timestamp = 13:59:51 CEST
2026-09-02 14:17:15.3740 7.0.0 4231 RootView                       in cgmTransmitterInfoReceived, glucoseData 18, value = 136.804, timestamp = 13:58:51 CEST
2026-09-02 14:17:15.3750 7.0.0 4231 RootView                       in cgmTransmitterInfoReceived, glucoseData 19, value = 136.339, timestamp = 13:57:51 CEST
2026-09-02 14:17:15.3760 7.0.0 4231 RootView                       in cgmTransmitterInfoReceived, glucoseData 20, value = 135.708, timestamp = 13:56:51 CEST
2026-09-02 14:17:15.3770 7.0.0 4231 RootView                       in cgmTransmitterInfoReceived, glucoseData 21, value = 134.766, timestamp = 13:55:51 CEST
2026-09-02 14:17:15.3780 7.0.0 4231 RootView                       in cgmTransmitterInfoReceived, glucoseData 22, value = 134.317, timestamp = 13:54:51 CEST
2026-09-02 14:17:15.3790 7.0.0 4231 RootView                       in cgmTransmitterInfoReceived, glucoseData 23, value = 134.596, timestamp = 13:53:51 CEST
2026-09-02 14:17:15.3800 7.0.0 4231 RootView                       in cgmTransmitterInfoReceived, glucoseData 24, value = 134.468, timestamp = 13:52:51 CEST
2026-09-02 14:17:15.3810 7.0.0 4231 RootView                       in processNewGlucoseData, calibrator = NoCalibrator
2026-09-02 14:17:15.9130 7.0.0 4231 RootView                       in processNewGlucoseData, new reading created, timestamp = Wednesday, 2 September 2026 at 14:16:51 Central European Summer Time, calculatedValue = 146,67574000000002
2026-09-02 14:17:16.3690 7.0.0 4231 AlertManager                   in checkAlert, there's no need to raise alert 'fastdrop'
2026-09-02 14:17:16.3720 7.0.0 4231 AlertManager                   in checkAlert, there's no need to raise alert 'verylow'
2026-09-02 14:17:16.3730 7.0.0 4231 AlertManager                   in checkAlert, there's no need to raise alert 'low'
2026-09-02 14:17:16.3750 7.0.0 4231 AlertManager                   in checkAlert, there's no need to raise alert 'fastrise'
2026-09-02 14:17:16.3770 7.0.0 4231 AlertManager                   in checkAlert, there's no need to raise alert 'veryhigh'
2026-09-02 14:17:16.3790 7.0.0 4231 AlertManager                   in checkAlert, there's no need to raise alert 'high'
2026-09-02 14:17:16.3800 7.0.0 4231 AlertManager                   in checkAlert, there's no need to raise alert 'calibration'
2026-09-02 14:17:16.3820 7.0.0 4231 AlertManager                   in checkAlert, there's no need to raise alert 'batterylow'
2026-09-02 14:17:16.3830 7.0.0 4231 AlertManager                   in checkAlert, there's no need to raise alert 'phonebatterylow'
2026-09-02 14:17:16.4430 7.0.0 4231 AlertManager                   in checkAlert, scheduling future alert 'missedreading' with a delay of 30 minutes
2026-09-02 14:17:16.4450 7.0.0 4231 AlertManager                   in checkNotLoopingAlert, threshold = 30 minutes, last device status check = 2026-09-02 12:16:20 +0000, last loop date = 2026-09-02 12:14:06 +0000
2026-09-02 14:17:16.4460 7.0.0 4231 AlertManager                   in checkNotLoopingAlert, skipping because alert is disabled, alert type is disabled, or the downloaded device status is stale
2026-09-02 14:17:16.4780 7.0.0 4231 AlertManager                   in checkAlert, added notification request for alert 'missedreading'
2026-09-02 14:17:16.7690 7.0.0 4231 NightscoutSyncManager          in uploadLatestBgReadings, proceeding with direct BG upload evaluation
2026-09-02 14:17:16.8120 7.0.0 4231 NightscoutSyncManager          in uploadBgReadingsToNightscout, number of readings to upload : 2
2026-09-02 14:17:16.8140 7.0.0 4231 NightscoutSyncManager          in uploadDataAndGetResponse, size of data to upload : 512
2026-09-02 14:17:16.8150 7.0.0 4231 NightscoutSyncManager          in uploadDataAndGetResponse, data to upload : [{"type":"sgv","noise":1,"_id":"0RBB9AbTSl2bF45E6YtEX8Lv","device":"ABBOTT3MH01LZ416R","unfiltered":146000,"sysTime":"2026-09-02T12:15:51.067Z","date":1788351351067,"dateString":"2026-09-02T12:15:51.067Z","direction":"FortyFiveUp","sgv":146,"filtered":146000},{"unfiltered":147000,"filtered":147000,"direction":"Flat","type":"sgv","noise":1,"sysTime":"2026-09-02T12:16:51.065Z","sgv":147,"device":"ABBOTT3MH01LZ416R","date":1788351411065,"dateString":"2026-09-02T12:16:51.065Z","_id":"pqSz9GwgMe9CfSj24CNAFVID"}]
2026-09-02 14:17:16.8170 7.0.0 4231 NightscoutSyncManager          in uploadDataAndGetResponse, calling urlSessionUploadTask.resume
2026-09-02 14:17:16.8180 7.0.0 4231 NightscoutSyncManager          in uploadCalibrationsToNightscout, no calibrations to upload
2026-09-02 14:17:16.8830 7.0.0 4231 NightscoutSyncManager          in syncWithNightscout, calling uploadTreatmentsToNightscout
2026-09-02 14:17:16.8850 7.0.0 4231 NightscoutSyncManager          in uploadTreatmentsToNightscout, no treatments to upload
2026-09-02 14:17:16.8860 7.0.0 4231 NightscoutSyncManager          in syncWithNightscout, uploadTreatmentsToNightscout result = success - 0 treatment entries locally stored or updated
2026-09-02 14:17:16.8870 7.0.0 4231 DexcomShareUploadManager       in upload, uploadReadingstoDexcomShare not enabled
2026-09-02 14:17:16.9340 7.0.0 4231 NightscoutSyncManager          in uploadDataAndGetResponse, finished upload
2026-09-02 14:17:16.9390 7.0.0 4231 LoopManager                        in share, sharing data with selected OS-AID target
2026-09-02 14:17:16.9870 7.0.0 4231 LoopManager                        in share, latestReadings JSON = [{"direction":"Flat","Value":147,"ST":"\/Date(1788351411000)\/","from":"xDrip","Trend":4,"DT":"\/Date(1788351411000)\/"},{"ST":"\/Date(1788351351000)\/","Trend":3,"Value":146,"DT":"\/Date(1788351351000)\/","from":"xDrip","direction":"FortyFiveUp"},{"DT":"\/Date(1788351291000)\/","Trend":4,"Value":145,"ST":"\/Date(1788351291000)\/","direction":"Flat","from":"xDrip"},{"Trend":4,"ST":"\/Date(1788351231000)\/","Value":143,"DT":"\/Date(1788351231000)\/","from":"xDrip","direction":"Flat"},{"Trend":4,"ST":"\/Date(1788351171000)\/","direction":"Flat","from":"xDrip","Value":144,"DT":"\/Date(1788351171000)\/"},{"Trend":4,"direction":"Flat","Value":145,"DT":"\/Date(1788351111000)\/","ST":"\/Date(1788351111000)\/","from":"xDrip"},{"ST":"\/Date(1788351051000)\/","direction":"Flat","from":"xDrip","Trend":4,"DT":"\/Date(1788351051000)\/","Value":144},{"from":"xDrip","ST":"\/Date(1788350991000)\/","Trend":4,"DT":"\/Date(1788350991000)\/","Value":143,"direction":"Flat"},{"Value":143,"direction":"Flat","from":"xDrip","Trend":4,"ST":"\/Date(1788350931000)\/","DT":"\/Date(1788350931000)\/"},{"Trend":4,"ST":"\/Date(1788350871000)\/","Value":142,"DT":"\/Date(1788350871000)\/","direction":"Flat","from":"xDrip"},{"Value":141,"DT":"\/Date(1788350811000)\/","Trend":4,"direction":"Flat","ST":"\/Date(1788350811000)\/","from":"xDrip"},{"direction":"Flat","Trend":4,"ST":"\/Date(1788350751000)\/","Value":141,"DT":"\/Date(1788350751000)\/","from":"xDrip"},{"Value":141,"direction":"Flat","DT":"\/Date(1788350691000)\/","Trend":4,"ST":"\/Date(1788350691000)\/","from":"xDrip"},{"direction":"FortyFiveUp","from":"xDrip","Trend":3,"ST":"\/Date(1788350571000)\/","DT":"\/Date(1788350571000)\/","Value":141},{"DT":"\/Date(1788350391000)\/","Trend":3,"ST":"\/Date(1788350391000)\/","Value":139,"direction":"FortyFiveUp","from":"xDrip"},{"direction":"Flat","Trend":4,"DT":"\/Date(1788350331000)\/","from":"xDrip","ST":"\/Date(1788350331000)\/","Value":137},{"DT":"\/Date(1788350271000)\/","Value":136,"from":"xDrip","Trend":4,"direction":"Flat","ST":"\/Date(1788350271000)\/"},{"Trend":4,"direction":"Flat","DT":"\/Date(1788350211000)\/","from":"xDrip","ST":"\/Date(1788350211000)\/","Value":136},{"DT":"\/Date(1788350151000)\/","ST":"\/Date(1788350151000)\/","Value":135,"direction":"Flat","from":"xDrip","Trend":4},{"DT":"\/Date(1788350091000)\/","Value":134,"direction":"Flat","Trend":4,"ST":"\/Date(1788350091000)\/","from":"xDrip"},{"ST":"\/Date(1788350031000)\/","direction":"Flat","from":"xDrip","DT":"\/Date(1788350031000)\/","Value":135,"Trend":4},{"from":"xDrip","direction":"Flat","ST":"\/Date(1788349971000)\/","Value":134,"DT":"\/Date(1788349971000)\/","Trend":4},{"ST":"\/Date(1788349911000)\/","direction":"Flat","Trend":4,"Value":134,"DT":"\/Date(1788349911000)\/","from":"xDrip"},{"Trend":4,"DT":"\/Date(1788349851000)\/","direction":"Flat","Value":134,"from":"xDrip","ST":"\/Date(1788349851000)\/"},{"direction":"Flat","from":"xDrip","DT":"\/Date(1788349791000)\/","Value":133,"ST":"\/Date(1788349791000)\/","Trend":4},{"from":"xDrip","direction":"Flat","Trend":4,"ST":"\/Date(1788349731000)\/","DT":"\/Date(1788349731000)\/","Value":132},{"from":"xDrip","Trend":4,"DT":"\/Date(1788349671000)\/","Value":132,"direction":"Flat","ST":"\/Date(1788349671000)\/"},{"DT":"\/Date(1788349611000)\/","Value":132,"from":"xDrip","Trend":4,"ST":"\/Date(1788349611000)\/","direction":"Flat"}]
2026-09-02 14:17:16.9890 7.0.0 4231 LoopManager                        in share, stored readings for selected OS-AID target
2026-09-02 14:17:17.0530 7.0.0 4231 WatchManager                   sending background watch update
2026-09-02 14:17:17.0540 7.0.0 4231 RootView                       in cgmTransmitterInfoReceived, cannot calculate hourly transmitter read success
2026-09-02 14:17:17.3160 7.0.0 4231 NightscoutSyncManager          in scheduleNightscoutSyncRelaunch, app backgrounded, deferring until active
2026-09-02 14:17:17.3180 7.0.0 4231 NightscoutSyncManager          in updateTreatment, calling getLatestTreatmentsNSResponses
2026-09-02 14:17:17.3860 7.0.0 4231 CalendarManager                in createCalendarEvent, latest reading is too close to the last shared reading, will not create a new event
2026-09-02 14:17:17.5330 7.0.0 4231 NightscoutSyncManager          in uploadDataAndGetResponse, data received = [{"unfiltered":147000,"filtered":147000,"direction":"Flat","type":"sgv","noise":1,"sysTime":"2026-09-02T12:16:51.065Z","sgv":147,"device":"ABBOTT3MH01LZ416R","date":1788351411065,"dateString":"2026-09-02T12:16:51.065Z","_id":"pqSz9GwgMe9CfSj24CNAFVID","utcOffset":0},{"type":"sgv","noise":1,"_id":"0RBB9AbTSl2bF45E6YtEX8Lv","device":"ABBOTT3MH01LZ416R","unfiltered":146000,"sysTime":"2026-09-02T12:15:51.067Z","date":1788351351067,"dateString":"2026-09-02T12:15:51.067Z","direction":"FortyFiveUp","sgv":146,"filtered":146000,"utcOffset":0}]
2026-09-02 14:17:17.5340 7.0.0 4231 NightscoutSyncManager          in uploadBgReadingsToNightscout, in uploadBgReadingsToNightscout, upload succeeded, timeStampLatestNightscoutUploadedBgReading = 2 Sep 2026 at 14:16:51
2026-09-02 14:17:17.5480 7.0.0 4231 GlucoseChartManager            in updateBasalScaler, initial calculated max basal = 6.3, basal scaler = 7.6190476190476195
2026-09-02 14:17:17.6660 7.0.0 4231 NightscoutSyncManager          in getLatestTreatmentsNSResponses, 164 treatments downloaded
2026-09-02 14:17:18.8970 7.0.0 4231 NightscoutSyncManager          in updateTreatment, getLatestTreatmentsNSResponses result = success - 0 treatment entries locally stored or updated
2026-09-02 14:17:19.0560 7.0.0 4231 NightscoutSyncManager          in updateDeviceStatus, updated device status with createdAt = 2 Sep 2026 at 14:14. Last looping date = 2 Sep 2026 at 14:14
2026-09-02 14:17:19.0580 7.0.0 4231 NightscoutSyncManager          in updateDeviceStatus, deviceStatus data = NightscoutDeviceStatus(updatedDate: 2026-09-02 12:17:17 +0000, lastCheckedDate: 2026-09-02 12:17:17 +0000, lastLoopDate: 2026-09-02 12:14:06 +0000, createdAt: 2026-09-02 12:14:08 +0000, device: Optional("Trio"), appVersion: Optional("0.8.4"), id: "6a9813108e44c603bf2c0d15", mills: 0, utcOffset: 0, activeProfile: nil, baseBasalRate: nil, bolusVolume: nil, cob: Optional(30.0), currentTarget: Optional(5.6), duration: Optional(60), eventualBG: Optional(167.0), iob: Optional(3.897), isf: Optional(48.0), insulinReq: Optional(0.0), rate: Optional(0.0), reason: Optional("Autosens ratio: 1, ISF: 2.7→2.7, COB: 30, Dev: 2.4, BGI: -0.3, CR: 6, Target: 5.6, minPredBG: 5.2, minGuardBG: 4.6, IOBpredBG: 2.2, COBpredBG: 9.3, UAMpredBG: 2.2, TDD: 42.65 U; minGuardBG 4.6&lt;5.6 56m left and 0 ~ req 0U/hr: no temp required"), sensitivityRatio: Optional(1.0), tdd: Optional(42.65), timestamp: Optional(2026-09-02 12:14:06 +0000), error: nil, overrideActive: nil, overrideName: nil, overrideMaxValue: nil, overrideMinValue: nil, overrideMultiplier: nil, pumpBatteryPercent: Optional(100), pumpClock: Optional(2026-09-02 12:14:06 +0000), pumpID: nil, pumpIsBolusing: Optional(false), pumpIsSuspended: Optional(false), pumpStatus: Optional("normal"), pumpStatusTimestamp: Optional(2026-09-02 12:14:02 +0000), pumpManufacturer: nil, pumpModel: nil, pumpReservoir: Optional(247.25), uploaderBatteryPercent: Optional(75), uploaderIsCharging: Optional(false))
2026-09-02 14:17:19.0590 7.0.0 4231 NightscoutSyncManager          in deleteTreatment, relaunching nightscoutsync (coalesced)
2026-09-02 14:17:19.6420 7.0.0 4231 NightscoutSyncManager          in syncWithNightscout, aborted because app is backgrounded and not overriden
2026-09-02 14:18:15.9370 7.0.0 4231 BlueToothTransmitter           in didUpdateValueFor, data = da10af561da5df478af93345488e98e99bb354e3
2026-09-02 14:18:15.9410 7.0.0 4231 BlueToothTransmitter           in didUpdateValueFor, data = cf1bf4e072ff9ccb7cf1638d662a16bb75df
2026-09-02 14:18:15.9420 7.0.0 4231 BlueToothTransmitter           in didUpdateValueFor, data = 4ceb85ef842c21a3
2026-09-02 14:18:15.9440 7.0.0 4231 Libre2                         Libre 2 completed frame: sensorTime=1406, previousSensorTime=1405, sensorAdvance=1, interArrivalSeconds=60.839, elapsedSinceBaselineSeconds=5364.879, sensorAdvanceSinceBaseline=89, estimatedLagSeconds=24.879, assemblySeconds=0.002, appInForeground=false, decision=current
2026-09-02 14:18:16.1880 7.0.0 4231 Libre2                         accepted Libre 2 frame: sensorTime=1406, generatedReadingCount=25, newestGeneratedTimestampSecondsSince1970=1788351471.064, processingSeconds=0.239, estimatedLagAtDeliverySeconds=25.118
2026-09-02 14:18:16.1900 7.0.0 4231 RootView                       in cgmTransmitterInfoReceived, transmitterBatteryInfo not received
2026-09-02 14:18:16.1900 7.0.0 4231 RootView                       in cgmTransmitterInfoReceived, sensor time in days 1.0
2026-09-02 14:18:16.1910 7.0.0 4231 RootView                       in cgmTransmitterInfoReceived, glucoseData array size = 25 values
2026-09-02 14:18:16.1970 7.0.0 4231 RootView                       in cgmTransmitterInfoReceived, glucoseData 00, value = 147.033, timestamp = 14:17:51 CEST
2026-09-02 14:18:16.1980 7.0.0 4231 RootView                       in cgmTransmitterInfoReceived, glucoseData 01, value = 146.676, timestamp = 14:16:51 CEST
2026-09-02 14:18:16.2000 7.0.0 4231 RootView                       in cgmTransmitterInfoReceived, glucoseData 02, value = 146.042, timestamp = 14:15:51 CEST
2026-09-02 14:18:16.2010 7.0.0 4231 RootView                       in cgmTransmitterInfoReceived, glucoseData 03, value = 145.04, timestamp = 14:14:51 CEST
2026-09-02 14:18:16.2020 7.0.0 4231 RootView                       in cgmTransmitterInfoReceived, glucoseData 04, value = 143.405, timestamp = 14:13:51 CEST
2026-09-02 14:18:16.2030 7.0.0 4231 RootView                       in cgmTransmitterInfoReceived, glucoseData 05, value = 144.217, timestamp = 14:12:51 CEST
2026-09-02 14:18:16.2040 7.0.0 4231 RootView                       in cgmTransmitterInfoReceived, glucoseData 06, value = 144.566, timestamp = 14:11:51 CEST
2026-09-02 14:18:16.2060 7.0.0 4231 RootView                       in cgmTransmitterInfoReceived, glucoseData 07, value = 143.557, timestamp = 14:10:51 CEST
2026-09-02 14:18:16.2070 7.0.0 4231 RootView                       in cgmTransmitterInfoReceived, glucoseData 08, value = 143.112, timestamp = 14:09:51 CEST
2026-09-02 14:18:16.2090 7.0.0 4231 RootView                       in cgmTransmitterInfoReceived, glucoseData 09, value = 142.806, timestamp = 14:08:51 CEST
2026-09-02 14:18:16.2100 7.0.0 4231 RootView                       in cgmTransmitterInfoReceived, glucoseData 10, value = 142.433, timestamp = 14:07:51 CEST
2026-09-02 14:18:16.2110 7.0.0 4231 RootView                       in cgmTransmitterInfoReceived, glucoseData 11, value = 140.89, timestamp = 14:06:51 CEST
2026-09-02 14:18:16.2120 7.0.0 4231 RootView                       in cgmTransmitterInfoReceived, glucoseData 12, value = 140.631, timestamp = 14:05:51 CEST
2026-09-02 14:18:16.2130 7.0.0 4231 RootView                       in cgmTransmitterInfoReceived, glucoseData 13, value = 141.098, timestamp = 14:04:51 CEST
2026-09-02 14:18:16.2140 7.0.0 4231 RootView                       in cgmTransmitterInfoReceived, glucoseData 14, value = 141.023, timestamp = 14:03:51 CEST
2026-09-02 14:18:16.2160 7.0.0 4231 RootView                       in cgmTransmitterInfoReceived, glucoseData 15, value = 141.073, timestamp = 14:02:51 CEST
2026-09-02 14:18:16.2170 7.0.0 4231 RootView                       in cgmTransmitterInfoReceived, glucoseData 16, value = 139.342, timestamp = 14:01:51 CEST
2026-09-02 14:18:16.2180 7.0.0 4231 RootView                       in cgmTransmitterInfoReceived, glucoseData 17, value = 138.996, timestamp = 14:00:51 CEST
2026-09-02 14:18:16.2190 7.0.0 4231 RootView                       in cgmTransmitterInfoReceived, glucoseData 18, value = 138.656, timestamp = 13:59:51 CEST
2026-09-02 14:18:16.2200 7.0.0 4231 RootView                       in cgmTransmitterInfoReceived, glucoseData 19, value = 136.804, timestamp = 13:58:51 CEST
2026-09-02 14:18:16.2210 7.0.0 4231 RootView                       in cgmTransmitterInfoReceived, glucoseData 20, value = 136.339, timestamp = 13:57:51 CEST
2026-09-02 14:18:16.2220 7.0.0 4231 RootView                       in cgmTransmitterInfoReceived, glucoseData 21, value = 135.708, timestamp = 13:56:51 CEST
2026-09-02 14:18:16.2230 7.0.0 4231 RootView                       in cgmTransmitterInfoReceived, glucoseData 22, value = 134.766, timestamp = 13:55:51 CEST
2026-09-02 14:18:16.2240 7.0.0 4231 RootView                       in cgmTransmitterInfoReceived, glucoseData 23, value = 134.317, timestamp = 13:54:51 CEST
2026-09-02 14:18:16.2260 7.0.0 4231 RootView                       in cgmTransmitterInfoReceived, glucoseData 24, value = 134.596, timestamp = 13:53:51 CEST
2026-09-02 14:18:16.2260 7.0.0 4231 RootView                       in processNewGlucoseData, calibrator = NoCalibrator
2026-09-02 14:18:16.7870 7.0.0 4231 RootView                       in processNewGlucoseData, new reading created, timestamp = Wednesday, 2 September 2026 at 14:17:51 Central European Summer Time, calculatedValue = 147,03273333333334
2026-09-02 14:18:17.2150 7.0.0 4231 AlertManager                   in checkAlert, there's no need to raise alert 'fastdrop'
2026-09-02 14:18:17.2170 7.0.0 4231 AlertManager                   in checkAlert, there's no need to raise alert 'verylow'
2026-09-02 14:18:17.2190 7.0.0 4231 AlertManager                   in checkAlert, there's no need to raise alert 'low'
2026-09-02 14:18:17.2210 7.0.0 4231 AlertManager                   in checkAlert, there's no need to raise alert 'fastrise'
2026-09-02 14:18:17.2230 7.0.0 4231 AlertManager                   in checkAlert, there's no need to raise alert 'veryhigh'
2026-09-02 14:18:17.2250 7.0.0 4231 AlertManager                   in checkAlert, there's no need to raise alert 'high'
2026-09-02 14:18:17.2260 7.0.0 4231 AlertManager                   in checkAlert, there's no need to raise alert 'calibration'
2026-09-02 14:18:17.2280 7.0.0 4231 AlertManager                   in checkAlert, there's no need to raise alert 'batterylow'
2026-09-02 14:18:17.2300 7.0.0 4231 AlertManager                   in checkAlert, there's no need to raise alert 'phonebatterylow'
2026-09-02 14:18:17.2860 7.0.0 4231 AlertManager                   in checkAlert, scheduling future alert 'missedreading' with a delay of 30 minutes
2026-09-02 14:18:17.2880 7.0.0 4231 AlertManager                   in checkNotLoopingAlert, threshold = 30 minutes, last device status check = 2026-09-02 12:17:17 +0000, last loop date = 2026-09-02 12:14:06 +0000
2026-09-02 14:18:17.2890 7.0.0 4231 AlertManager                   in checkNotLoopingAlert, skipping because alert is disabled, alert type is disabled, or the downloaded device status is stale
2026-09-02 14:18:17.3250 7.0.0 4231 AlertManager                   in checkAlert, added notification request for alert 'missedreading'
2026-09-02 14:18:17.6260 7.0.0 4231 NightscoutSyncManager          in uploadLatestBgReadings, proceeding with direct BG upload evaluation
2026-09-02 14:18:17.6730 7.0.0 4231 NightscoutSyncManager          in uploadBgReadingsToNightscout, number of readings to upload : 2
2026-09-02 14:18:17.6750 7.0.0 4231 NightscoutSyncManager          in uploadDataAndGetResponse, size of data to upload : 505
2026-09-02 14:18:17.6760 7.0.0 4231 NightscoutSyncManager          in uploadDataAndGetResponse, data to upload : [{"direction":"Flat","filtered":147000,"unfiltered":147000,"sysTime":"2026-09-02T12:16:51.065Z","noise":1,"date":1788351411065,"sgv":147,"dateString":"2026-09-02T12:16:51.065Z","type":"sgv","_id":"pqSz9GwgMe9CfSj24CNAFVID","device":"ABBOTT3MH01LZ416R"},{"type":"sgv","noise":1,"_id":"8uKeSmq9s49uSeBBVcEaWGCE","device":"ABBOTT3MH01LZ416R","unfiltered":147000,"sysTime":"2026-09-02T12:17:51.064Z","date":1788351471064,"dateString":"2026-09-02T12:17:51.064Z","direction":"Flat","sgv":147,"filtered":147000}]
2026-09-02 14:18:17.6780 7.0.0 4231 NightscoutSyncManager          in uploadDataAndGetResponse, calling urlSessionUploadTask.resume
2026-09-02 14:18:17.6800 7.0.0 4231 NightscoutSyncManager          in uploadCalibrationsToNightscout, no calibrations to upload
2026-09-02 14:18:17.7430 7.0.0 4231 NightscoutSyncManager          in syncWithNightscout, calling uploadTreatmentsToNightscout
2026-09-02 14:18:17.7450 7.0.0 4231 NightscoutSyncManager          in uploadTreatmentsToNightscout, no treatments to upload
2026-09-02 14:18:17.7460 7.0.0 4231 NightscoutSyncManager          in syncWithNightscout, uploadTreatmentsToNightscout result = success - 0 treatment entries locally stored or updated
2026-09-02 14:18:17.7470 7.0.0 4231 DexcomShareUploadManager       in upload, uploadReadingstoDexcomShare not enabled
2026-09-02 14:18:17.7890 7.0.0 4231 NightscoutSyncManager          in uploadDataAndGetResponse, finished upload
2026-09-02 14:18:17.7930 7.0.0 4231 LoopManager                        in share, sharing data with selected OS-AID target
2026-09-02 14:18:17.8360 7.0.0 4231 LoopManager                        in share, latestReadings JSON = [{"DT":"\/Date(1788351471000)\/","Trend":4,"ST":"\/Date(1788351471000)\/","Value":147,"direction":"Flat","from":"xDrip"},{"ST":"\/Date(1788351411000)\/","DT":"\/Date(1788351411000)\/","Value":147,"direction":"Flat","from":"xDrip","Trend":4},{"from":"xDrip","DT":"\/Date(1788351351000)\/","Trend":3,"ST":"\/Date(1788351351000)\/","Value":146,"direction":"FortyFiveUp"},{"from":"xDrip","Trend":4,"direction":"Flat","ST":"\/Date(1788351291000)\/","Value":145,"DT":"\/Date(1788351291000)\/"},{"Value":143,"direction":"Flat","DT":"\/Date(1788351231000)\/","Trend":4,"from":"xDrip","ST":"\/Date(1788351231000)\/"},{"Value":144,"Trend":4,"from":"xDrip","ST":"\/Date(1788351171000)\/","DT":"\/Date(1788351171000)\/","direction":"Flat"},{"DT":"\/Date(1788351111000)\/","ST":"\/Date(1788351111000)\/","Trend":4,"Value":145,"from":"xDrip","direction":"Flat"},{"ST":"\/Date(1788351051000)\/","Trend":4,"DT":"\/Date(1788351051000)\/","from":"xDrip","Value":144,"direction":"Flat"},{"DT":"\/Date(1788350991000)\/","Trend":4,"Value":143,"ST":"\/Date(1788350991000)\/","from":"xDrip","direction":"Flat"},{"Trend":4,"Value":143,"direction":"Flat","DT":"\/Date(1788350931000)\/","from":"xDrip","ST":"\/Date(1788350931000)\/"},{"Trend":4,"from":"xDrip","DT":"\/Date(1788350871000)\/","ST":"\/Date(1788350871000)\/","Value":142,"direction":"Flat"},{"DT":"\/Date(1788350811000)\/","from":"xDrip","Value":141,"direction":"Flat","Trend":4,"ST":"\/Date(1788350811000)\/"},{"ST":"\/Date(1788350751000)\/","DT":"\/Date(1788350751000)\/","Value":141,"direction":"Flat","from":"xDrip","Trend":4},{"ST":"\/Date(1788350691000)\/","direction":"Flat","Value":141,"from":"xDrip","Trend":4,"DT":"\/Date(1788350691000)\/"},{"DT":"\/Date(1788350571000)\/","Value":141,"direction":"FortyFiveUp","Trend":3,"ST":"\/Date(1788350571000)\/","from":"xDrip"},{"Trend":3,"Value":139,"direction":"FortyFiveUp","DT":"\/Date(1788350391000)\/","ST":"\/Date(1788350391000)\/","from":"xDrip"},{"ST":"\/Date(1788350331000)\/","direction":"Flat","from":"xDrip","DT":"\/Date(1788350331000)\/","Value":137,"Trend":4},{"from":"xDrip","direction":"Flat","ST":"\/Date(1788350271000)\/","Value":136,"DT":"\/Date(1788350271000)\/","Trend":4},{"ST":"\/Date(1788350211000)\/","DT":"\/Date(1788350211000)\/","from":"xDrip","Value":136,"direction":"Flat","Trend":4},{"Value":135,"direction":"Flat","DT":"\/Date(1788350151000)\/","from":"xDrip","Trend":4,"ST":"\/Date(1788350151000)\/"},{"ST":"\/Date(1788350091000)\/","DT":"\/Date(1788350091000)\/","Value":134,"direction":"Flat","from":"xDrip","Trend":4},{"Value":135,"from":"xDrip","Trend":4,"ST":"\/Date(1788350031000)\/","DT":"\/Date(1788350031000)\/","direction":"Flat"},{"Value":134,"from":"xDrip","Trend":4,"ST":"\/Date(1788349971000)\/","DT":"\/Date(1788349971000)\/","direction":"Flat"},{"direction":"Flat","Trend":4,"Value":134,"ST":"\/Date(1788349911000)\/","DT":"\/Date(1788349911000)\/","from":"xDrip"},{"from":"xDrip","ST":"\/Date(1788349851000)\/","DT":"\/Date(1788349851000)\/","Trend":4,"Value":134,"direction":"Flat"},{"direction":"Flat","DT":"\/Date(1788349791000)\/","Value":133,"from":"xDrip","Trend":4,"ST":"\/Date(1788349791000)\/"},{"Trend":4,"direction":"Flat","DT":"\/Date(1788349731000)\/","ST":"\/Date(1788349731000)\/","Value":132,"from":"xDrip"},{"Value":132,"direction":"Flat","from":"xDrip","Trend":4,"ST":"\/Date(1788349671000)\/","DT":"\/Date(1788349671000)\/"}]
2026-09-02 14:18:17.8390 7.0.0 4231 LoopManager                        in share, stored readings for selected OS-AID target
2026-09-02 14:18:17.8950 7.0.0 4231 WatchManager                   sending background watch update
2026-09-02 14:18:17.8960 7.0.0 4231 RootView                       in cgmTransmitterInfoReceived, cannot calculate hourly transmitter read success
2026-09-02 14:18:18.1690 7.0.0 4231 NightscoutSyncManager          in scheduleNightscoutSyncRelaunch, app backgrounded, deferring until active
2026-09-02 14:18:18.1700 7.0.0 4231 NightscoutSyncManager          in performBackgroundFollowerRefreshIfNeeded, refreshing Nightscout follow data while backgrounded
2026-09-02 14:18:18.1710 7.0.0 4231 NightscoutSyncManager          in updateTreatment, calling getLatestTreatmentsNSResponses
2026-09-02 14:18:18.2720 7.0.0 4231 CalendarManager                in createCalendarEvent, latest reading is too close to the last shared reading, will not create a new event
2026-09-02 14:18:18.2770 7.0.0 4231 NightscoutSyncManager          in uploadDataAndGetResponse, data received = [{"type":"sgv","noise":1,"_id":"8uKeSmq9s49uSeBBVcEaWGCE","device":"ABBOTT3MH01LZ416R","unfiltered":147000,"sysTime":"2026-09-02T12:17:51.064Z","date":1788351471064,"dateString":"2026-09-02T12:17:51.064Z","direction":"Flat","sgv":147,"filtered":147000,"utcOffset":0},{"direction":"Flat","filtered":147000,"unfiltered":147000,"sysTime":"2026-09-02T12:16:51.065Z","noise":1,"date":1788351411065,"sgv":147,"dateString":"2026-09-02T12:16:51.065Z","type":"sgv","_id":"pqSz9GwgMe9CfSj24CNAFVID","device":"ABBOTT3MH01LZ416R","utcOffset":0}]
2026-09-02 14:18:18.2790 7.0.0 4231 NightscoutSyncManager          in uploadBgReadingsToNightscout, in uploadBgReadingsToNightscout, upload succeeded, timeStampLatestNightscoutUploadedBgReading = 2 Sep 2026 at 14:17:51
2026-09-02 14:18:18.3600 7.0.0 4231 NightscoutSyncManager          in getLatestTreatmentsNSResponses, 166 treatments downloaded
2026-09-02 14:18:18.3810 7.0.0 4231 NightscoutSyncManager          in newTreatmentsIfRequired, new treatmentEntry created with id 6a981402a86645a44d54d7fa-insulin and date 2 September 2026 at 14:18:09 CEST
2026-09-02 14:18:18.3990 7.0.0 4231 NightscoutSyncManager          in newTreatmentsIfRequired, new treatmentEntry created with id 6a981400a86645a44d54d7f3-rate and date 2 September 2026 at 14:18:08 CEST
2026-09-02 14:18:18.3990 7.0.0 4231 GlucoseChartManager            in updateBasalScaler, initial calculated max basal = 6.3, basal scaler = 7.6190476190476195
2026-09-02 14:18:19.7300 7.0.0 4231 NightscoutSyncManager          in getLatestTreatmentsNSResponses, 2 new treatmentEntries created
2026-09-02 14:18:19.7360 7.0.0 4231 NightscoutSyncManager          in getLatestTreatmentsNSResponses, Nightscout sync summary: new = 2, markedUploaded = 0, updated = 0
2026-09-02 14:18:19.7380 7.0.0 4231 NightscoutSyncManager          in updateTreatment, getLatestTreatmentsNSResponses result = success - 2 treatment entries locally stored or updated
2026-09-02 14:18:19.7400 7.0.0 4231 NightscoutSyncManager          in updateDeviceStatus, updated device status with createdAt = 2 Sep 2026 at 14:18. Last looping date = 2 Sep 2026 at 14:18
2026-09-02 14:18:19.7420 7.0.0 4231 NightscoutSyncManager          in updateDeviceStatus, deviceStatus data = NightscoutDeviceStatus(updatedDate: 2026-09-02 12:18:18 +0000, lastCheckedDate: 2026-09-02 12:18:18 +0000, lastLoopDate: 2026-09-02 12:18:09 +0000, createdAt: 2026-09-02 12:18:12 +0000, device: Optional("Trio"), appVersion: Optional("0.8.4"), id: "6a9814048e44c603bf2c0d17", mills: 0, utcOffset: 0, activeProfile: nil, baseBasalRate: nil, bolusVolume: nil, cob: Optional(29.0), currentTarget: Optional(5.6), duration: Optional(60), eventualBG: Optional(176.0), iob: Optional(3.699), isf: Optional(48.0), insulinReq: Optional(0.67), rate: Optional(0.0), reason: Optional("Autosens ratio: 1, ISF: 2.7→2.7, COB: 29, Dev: 2.9, BGI: -0.3, CR: 6, Target: 5.6, minPredBG: 7.3, minGuardBG: 6.5, IOBpredBG: 2.2, COBpredBG: 9.8, UAMpredBG: 4.3, TDD: 42.65 U; Eventual BG 9.8 >= 5.6,  insulinReq 0.67; setting 60m low temp of 0U/h. Microbolusing 0.3U. "), sensitivityRatio: Optional(1.0), tdd: Optional(42.65), timestamp: Optional(2026-09-02 12:18:09 +0000), error: nil, overrideActive: nil, overrideName: nil, overrideMaxValue: nil, overrideMinValue: nil, overrideMultiplier: nil, pumpBatteryPercent: Optional(100), pumpClock: Optional(2026-09-02 12:18:10 +0000), pumpID: nil, pumpIsBolusing: Optional(false), pumpIsSuspended: Optional(false), pumpStatus: Optional("normal"), pumpStatusTimestamp: Optional(2026-09-02 12:18:09 +0000), pumpManufacturer: nil, pumpModel: nil, pumpReservoir: Optional(247.25), uploaderBatteryPercent: Optional(75), uploaderIsCharging: Optional(false))
2026-09-02 14:18:20.0840 7.0.0 4231 WatchManager                   sending background watch update
2026-09-02 14:18:20.2790 7.0.0 4231 WatchManager                   sending background watch update
2026-09-02 14:18:20.3560 7.0.0 4231 NightscoutSyncManager          in deleteTreatment, relaunching nightscoutsync (coalesced)
2026-09-02 14:18:20.8560 7.0.0 4231 GlucoseChartManager            in updateBasalScaler, initial calculated max basal = 6.3, basal scaler = 7.6190476190476195
2026-09-02 14:18:21.0170 7.0.0 4231 NightscoutSyncManager          in syncWithNightscout, aborted because app is backgrounded and not overriden
2026-09-02 14:18:26.5720 7.0.0 4231 RootView                       Application will enter foreground
2026-09-02 14:18:26.7920 7.0.0 4231 GlucoseChartManager            in updateBasalScaler, initial calculated max basal = 6.3, basal scaler = 7.6190476190476195
2026-09-02 14:18:27.5380 7.0.0 4231 RootView                       screen lock / keep-awake disabled
2026-09-02 14:18:27.6140 7.0.0 4231 RootView                       Application did enter background, master mode
2026-09-02 14:18:29.4460 7.0.0 4231 RootView                       Application will enter foreground
2026-09-02 14:18:29.5880 7.0.0 4231 GlucoseChartManager            in updateBasalScaler, initial calculated max basal = 6.3, basal scaler = 7.6190476190476195
2026-09-02 14:18:29.6230 7.0.0 4231 NightscoutSyncManager          in scheduleNightscoutSyncRelaunch, skipping (scheduled = true, sinceLast = 266.55s)
2026-09-02 14:18:29.7940 7.0.0 4231 GlucoseChartManager            in updateBasalScaler, initial calculated max basal = 6.3, basal scaler = 7.6190476190476195
2026-09-02 14:18:29.8670 7.0.0 4231 NightscoutSyncManager          in scheduleNightscoutSyncRelaunch, performing relaunch
2026-09-02 14:18:29.8860 7.0.0 4231 NightscoutSyncManager          in syncWithNightscout, calling uploadTreatmentsToNightscout
2026-09-02 14:18:29.8870 7.0.0 4231 NightscoutSyncManager          in uploadTreatmentsToNightscout, no treatments to upload
2026-09-02 14:18:29.8880 7.0.0 4231 NightscoutSyncManager          in syncWithNightscout, uploadTreatmentsToNightscout result = success - 0 treatment entries locally stored or updated
2026-09-02 14:18:29.8880 7.0.0 4231 NightscoutSyncManager          in updateTreatment, calling getLatestTreatmentsNSResponses
2026-09-02 14:18:30.3210 7.0.0 4231 NightscoutSyncManager          in updateDeviceStatus, updated device status with createdAt = 2 Sep 2026 at 14:18. Last looping date = 2 Sep 2026 at 14:18
2026-09-02 14:18:30.3220 7.0.0 4231 NightscoutSyncManager          in updateDeviceStatus, deviceStatus data = NightscoutDeviceStatus(updatedDate: 2026-09-02 12:18:30 +0000, lastCheckedDate: 2026-09-02 12:18:30 +0000, lastLoopDate: 2026-09-02 12:18:09 +0000, createdAt: 2026-09-02 12:18:12 +0000, device: Optional("Trio"), appVersion: Optional("0.8.4"), id: "6a9814048e44c603bf2c0d17", mills: 0, utcOffset: 0, activeProfile: nil, baseBasalRate: nil, bolusVolume: nil, cob: Optional(29.0), currentTarget: Optional(5.6), duration: Optional(60), eventualBG: Optional(176.0), iob: Optional(3.699), isf: Optional(48.0), insulinReq: Optional(0.67), rate: Optional(0.0), reason: Optional("Autosens ratio: 1, ISF: 2.7→2.7, COB: 29, Dev: 2.9, BGI: -0.3, CR: 6, Target: 5.6, minPredBG: 7.3, minGuardBG: 6.5, IOBpredBG: 2.2, COBpredBG: 9.8, UAMpredBG: 4.3, TDD: 42.65 U; Eventual BG 9.8 >= 5.6,  insulinReq 0.67; setting 60m low temp of 0U/h. Microbolusing 0.3U. "), sensitivityRatio: Optional(1.0), tdd: Optional(42.65), timestamp: Optional(2026-09-02 12:18:09 +0000), error: nil, overrideActive: nil, overrideName: nil, overrideMaxValue: nil, overrideMinValue: nil, overrideMultiplier: nil, pumpBatteryPercent: Optional(100), pumpClock: Optional(2026-09-02 12:18:10 +0000), pumpID: nil, pumpIsBolusing: Optional(false), pumpIsSuspended: Optional(false), pumpStatus: Optional("normal"), pumpStatusTimestamp: Optional(2026-09-02 12:18:09 +0000), pumpManufacturer: nil, pumpModel: nil, pumpReservoir: Optional(247.25), uploaderBatteryPercent: Optional(75), uploaderIsCharging: Optional(false))
2026-09-02 14:18:30.3980 7.0.0 4231 NightscoutSyncManager          in getLatestTreatmentsNSResponses, 166 treatments downloaded
2026-09-02 14:18:30.6870 7.0.0 4231 NightscoutSyncManager          in updateTreatment, getLatestTreatmentsNSResponses result = success - 0 treatment entries locally stored or updated
2026-09-02 14:18:30.6880 7.0.0 4231 NightscoutSyncManager          in deleteTreatment, relaunching nightscoutsync (coalesced)
